// Jest Snapshot v1, https://goo.gl/fbAQLP

exports[`basic server should return empty json 1`] = `"{}"`;
