// Jest Snapshot v1, https://goo.gl/fbAQLP

exports[`basic server should return 404 1`] = `"Not Found"`;
